verified_at=2026-07-15T04:12:49Z
   56368 /Users/shubhamjoshi/Desktop/pharmacy/ddinter/ddinter_downloads_code_A.csv
   15141 /Users/shubhamjoshi/Desktop/pharmacy/ddinter/ddinter_downloads_code_B.csv
   25682 /Users/shubhamjoshi/Desktop/pharmacy/ddinter/ddinter_downloads_code_D.csv
   11728 /Users/shubhamjoshi/Desktop/pharmacy/ddinter/ddinter_downloads_code_H.csv
   65390 /Users/shubhamjoshi/Desktop/pharmacy/ddinter/ddinter_downloads_code_L.csv
    5493 /Users/shubhamjoshi/Desktop/pharmacy/ddinter/ddinter_downloads_code_P.csv
   30564 /Users/shubhamjoshi/Desktop/pharmacy/ddinter/ddinter_downloads_code_R.csv
   12025 /Users/shubhamjoshi/Desktop/pharmacy/ddinter/ddinter_downloads_code_V.csv
  222391 total
a22ca451d2b755ca2331886f7e00540c86f555f9f55704a59a19c691251f52e0  /Users/shubhamjoshi/Desktop/pharmacy/ddinter/ddinter_downloads_code_A.csv
byte_identical_A=true
76de5115a55587f0e822e1096b684fd3ddde058fbefcbb19896df58820ace130  /Users/shubhamjoshi/Desktop/pharmacy/ddinter/ddinter_downloads_code_B.csv
byte_identical_B=true
c0627ec39965dbe27829e4934cd20d71eb079f4e373287678737bba9423a306a  /Users/shubhamjoshi/Desktop/pharmacy/ddinter/ddinter_downloads_code_D.csv
byte_identical_D=true
f0f925f0ba1ee68c4668d3e7a6732719b34623b22a0f5d017f9090e59f63c88e  /Users/shubhamjoshi/Desktop/pharmacy/ddinter/ddinter_downloads_code_H.csv
byte_identical_H=true
f54f4486cc00344f8c86508c31c2ca3fad6d1d37ec3af5bcf609b4bbda5507ef  /Users/shubhamjoshi/Desktop/pharmacy/ddinter/ddinter_downloads_code_L.csv
byte_identical_L=true
83f8c0edb20d09ef29b8500b48f9623e208379525688ade9e70a7df2d8749d55  /Users/shubhamjoshi/Desktop/pharmacy/ddinter/ddinter_downloads_code_P.csv
byte_identical_P=true
1c39c3d4a6e41659b7a988538d7f363867592abc6f41a815de8746f6e2150574  /Users/shubhamjoshi/Desktop/pharmacy/ddinter/ddinter_downloads_code_R.csv
byte_identical_R=true
353973fb300453946aea95733e8fb52338e4b59426d2ce6ca318363d4f84f10a  /Users/shubhamjoshi/Desktop/pharmacy/ddinter/ddinter_downloads_code_V.csv
byte_identical_V=true
